// Jest Snapshot v1, https://goo.gl/fbAQLP

exports[`renders topbar correctly without crashing 1`] = `
<div>
  <div
    id="navbar"
  >
    <div
      id="controls"
      class="topnav"
    >
      <a>
        <div
          id="view"
          class=""
        >
          <h1>
            VIEW
          </h1>
          <h3
            class="icon"
          >
            ☰
          </h3>
        </div>
      </a>
      <div
        class="control"
      >
        <div
          class="checkbox-round"
        >
          <input
            id="showProjects"
            type="checkbox"
            readonly=""
          />
          <label
            for="showProjects"
          />
        </div>
        <h2>
          Projects
        </h2>
      </div>
      <div
        class="control"
      >
        <div
          class="checkbox-round"
        >
          <input
            id="showSchools"
            type="checkbox"
            readonly=""
          />
          <label
            for="showSchools"
          />
        </div>
        <h2>
          Programme
        </h2>
      </div>
      <div
        class="control"
      >
        <div
          class="checkbox-round"
        >
          <input
            id="showCollab"
            type="checkbox"
            readonly=""
          />
          <label
            for="showCollab"
          />
        </div>
        <h2>
          Collaborators
        </h2>
      </div>
    </div>
    <div
      id="detailsBar"
    >
      <div
        id="toggle"
      >
        <div
          class="control"
        >
          <div
            class="checkbox-round"
          >
            <input
              id=""
              type="checkbox"
              readonly=""
            />
            <label
              for=""
            />
          </div>
          <h2>
            Show Details
          </h2>
        </div>
      </div>
      <div
        id="nodeDetails"
        class="expanded"
      />
    </div>
  </div>
</div>
`;
