// Jest Snapshot v1, https://goo.gl/fbAQLP

exports[`renders topbar correctly without crashing 1`] = `
<div>
  <div
    id="navbar"
  >
    <div
      id="viewAid-label"
      class="aid-label"
    >
      Click to Change Graph Layouts
      <label
        for="viewAid"
      />
    </div>
    <div
      id="viewAid"
      class="aid"
    />
    <div
      id="controls"
      class="topnav"
    >
      <a>
        <div
          id="view"
          class=""
        >
          <h1>
            VIEW
          </h1>
        </div>
      </a>
      <div
        class="control"
      >
        <div
          class="checkbox-round"
        >
          <input
            id="showProjects"
            type="checkbox"
            readonly=""
            checked=""
          />
          <label
            for="showProjects"
          />
        </div>
        <h2>
          Projects
        </h2>
      </div>
      <div
        class="control"
      >
        <div
          class="checkbox-round"
        >
          <input
            id="showSchools"
            type="checkbox"
            readonly=""
          />
          <label
            for="showSchools"
          />
        </div>
        <h2>
          Programme
        </h2>
      </div>
      <div
        class="control"
      >
        <div
          class="checkbox-round"
        >
          <input
            id="showCollab"
            type="checkbox"
            readonly=""
          />
          <label
            for="showCollab"
          />
        </div>
        <h2>
          Collaborators
        </h2>
      </div>
    </div>
    <div
      id="detailAid-label"
      class="aid-label"
    >
      Project/Personal Details Will Display Here. Can Be Toggle On/Off for Better View
      <label
        for="detailAid"
      />
    </div>
    <div
      id="detailAid"
      class="aid"
    />
    <div
      id="detailsBar"
    >
      <div
        id="toggle"
      >
        <div
          class="control"
        >
          <div
            class="checkbox-round"
          >
            <input
              id=""
              type="checkbox"
              readonly=""
              checked=""
            />
            <label
              for=""
            />
          </div>
          <h2 />
        </div>
        <h2>
          Show details
        </h2>
      </div>
      <div
        id="nodeDetails"
        class="expanded"
      >
        <div
          id="infoContainer"
          class="info"
        >
          <div
            class="container"
          >
            <em>
              Select Any Node
            </em>
          </div>
        </div>
      </div>
    </div>
  </div>
</div>
`;
