// Jest Snapshot v1, https://goo.gl/fbAQLP

exports[`renders topbar correctly without crashing 1`] = `
<div>
  <div
    id="navbar"
  >
    <div
      id="controls"
      class="topnav"
    >
      <a>
        <div
          id="view"
          class=""
        >
          <h1>
            VIEW
          </h1>
        </div>
      </a>
      <div
        class="control"
      >
        <div
          class="checkbox-round"
        >
          <input
            id="showSegment"
            type="checkbox"
            readonly=""
            checked=""
          />
          <label
            for="showSegment"
          />
        </div>
        <h2>
          Semi-Circle
        </h2>
      </div>
      <div
        class="control"
      >
        <div
          class="checkbox-round"
        >
          <input
            id="showCircles"
            type="checkbox"
            readonly=""
          />
          <label
            for="showCircles"
          />
        </div>
        <h2>
          Groups
        </h2>
      </div>
      <div
        class="control"
      >
        <div
          class="checkbox-round"
        >
          <input
            id="showCollab"
            type="checkbox"
            readonly=""
          />
          <label
            for="showCollab"
          />
        </div>
        <h2>
          Collaborators
        </h2>
      </div>
      <div
        class="control"
      >
        <div
          id="drop-down-menu"
          class=""
        >
          <div
            class="button-css"
          />
        </div>
      </div>
    </div>
    <div
      id="detailsBar"
    >
      <div
        id="toggle"
      >
        <div
          class="control"
        >
          <div
            class="checkbox-round"
          >
            <input
              id=""
              type="checkbox"
              readonly=""
              checked=""
            />
            <label
              for=""
            />
          </div>
          <h2 />
        </div>
        <h2>
          Show details
        </h2>
      </div>
      <div
        id="nodeDetails"
        class="expanded"
      >
        <div
          id="infoContainer"
          class="info"
        >
          <div
            class="container"
          >
            <em>
              Select Any Node
            </em>
          </div>
        </div>
      </div>
    </div>
  </div>
</div>
`;
